// Jest Snapshot v1, https://goo.gl/fbAQLP

exports[`HomeScreen Tests Render correctly 1`] = `
<RCTSafeAreaView
  style={
    Object {
      "backgroundColor": "#eee",
      "flex": 1,
    }
  }
>
  <View
    style={
      Object {
        "alignItems": "center",
        "backgroundColor": "#aabbdd",
        "padding": 16,
      }
    }
  >
    <Text
      style={
        Object {
          "fontSize": 18,
          "fontWeight": "bold",
        }
      }
    >
      Users
    </Text>
  </View>
  <View>
    <Text>
      Today's Date: 
      21/09/2022
    </Text>
  </View>
  <View
    style={
      Object {
        "margin": 16,
      }
    }
  >
    <RCTScrollView
      ListEmptyComponent={[Function]}
      data={Array []}
      getItem={[Function]}
      getItemCount={[Function]}
      keyExtractor={[Function]}
      onContentSizeChange={[Function]}
      onLayout={[Function]}
      onMomentumScrollBegin={[Function]}
      onMomentumScrollEnd={[Function]}
      onScroll={[Function]}
      onScrollBeginDrag={[Function]}
      onScrollEndDrag={[Function]}
      removeClippedSubviews={false}
      renderItem={[Function]}
      scrollEventThrottle={50}
      stickyHeaderIndices={Array []}
      testID="flatList-user"
      viewabilityConfigCallbackPairs={Array []}
    >
      <View>
        <View>
          <Text
            style={
              Object {
                "fontSize": 18,
                "fontWeight": "bold",
              }
            }
          >
            No Items
          </Text>
        </View>
      </View>
    </RCTScrollView>
  </View>
</RCTSafeAreaView>
`;
