// Jest Snapshot v1, https://goo.gl/fbAQLP

exports[`<Splash/> test Render Correctly 1`] = `
<View
  style={
    Object {
      "alignItems": "center",
      "backgroundColor": "#ffffff",
      "flex": 1,
      "justifyContent": "center",
    }
  }
>
  <Image
    resizeMode="contain"
    source={
      Object {
        "testUri": "../../../src/assets/chat.png",
      }
    }
    style={
      Object {
        "height": 128,
        "width": 128,
      }
    }
    testID="logo-img"
  />
</View>
`;
